// Jest Snapshot v1, https://goo.gl/fbAQLP

exports[`SelectWrapper component renders correctly 1`] = `
<div
  className="MuiFormControl-root-4 SelectWrapper-formControl-2"
>
  <label
    className="MuiFormLabel-root-15 MuiFormLabel-required-20 MuiInputLabel-root-8 MuiInputLabel-formControl-9 MuiInputLabel-animated-12 MuiInputLabel-outlined-14"
    data-shrink={false}
    htmlFor="Coin"
  >
    Coin
    <span
      className="MuiFormLabel-asterisk-21"
    >
      â€‰*
    </span>
  </label>
  <div
    className="MuiInputBase-root-42 MuiOutlinedInput-root-29 MuiInputBase-formControl-43"
    onClick={[Function]}
    onInvalid={[Function]}
    required={true}
  >
    <fieldset
      aria-hidden={true}
      className="MuiPrivateNotchedOutline-root-59 MuiOutlinedInput-notchedOutline-36"
      style={
        Object {
          "paddingLeft": 49.5,
        }
      }
    >
      <legend
        className="MuiPrivateNotchedOutline-legend-60"
        style={
          Object {
            "width": 0.01,
          }
        }
      />
    </fieldset>
    <div
      className="MuiSelect-root-22"
    >
      <select
        aria-invalid={false}
        autoComplete={undefined}
        autoFocus={undefined}
        className="MuiSelect-select-23 MuiSelect-outlined-25 MuiInputBase-input-52 MuiOutlinedInput-input-37"
        defaultValue={undefined}
        disabled={false}
        id="outlined-age-simple"
        name="Coin"
        onBlur={[Function]}
        onChange={[Function]}
        onFocus={[Function]}
        onKeyDown={undefined}
        onKeyUp={undefined}
        placeholder={undefined}
        readOnly={undefined}
        required={true}
        rows={undefined}
        type={undefined}
        value=""
      >
        <option />
        <option
          value="BTC"
        >
          BTC
        </option>
        <option
          value="ETH"
        >
          ETH
        </option>
      </select>
      <svg
        aria-hidden="true"
        className="MuiSvgIcon-root-64 MuiSelect-icon-28"
        color={undefined}
        focusable="false"
        role="presentation"
        viewBox="0 0 24 24"
      >
        <path
          d="M7 10l5 5 5-5z"
        />
      </svg>
    </div>
  </div>
</div>
`;
